[GPU 3] queue: softmax:2
[GPU 3] waiting for GPU 3 to be idle...
[GPU 3] GPU 3 is idle, starting queue at 04:28:30
[GPU 3] start softmax iter 1/2 at 04:28:30
Using GPUs: [3] (1 workers)
Kernels: ['softmax']
Output root: /home/jongsokchoi/helion_2/.helion_aot
[04:28:30] [GPU 3] start softmax -> /home/jongsokchoi/helion_2/.helion_aot/logs/softmax.log
[10:54:07] [GPU 3] OK softmax in 23137s

All jobs finished in 23137s
Results: 1 OK, 0 FAIL
         softmax (GPU 3): OK in 23137s

Merging outputs...
[GPU 3] start softmax iter 2/2 at 10:54:07
Using GPUs: [3] (1 workers)
Kernels: ['softmax']
Output root: /home/jongsokchoi/helion_2/.helion_aot
[10:54:07] [GPU 3] start softmax -> /home/jongsokchoi/helion_2/.helion_aot/logs/softmax.log
[15:37:58] [GPU 3] OK softmax in 17031s

All jobs finished in 17031s
Results: 1 OK, 0 FAIL
         softmax (GPU 3): OK in 17031s

Merging outputs...
