[GPU 4] queue: layer_norm:2 fp8_gemm:3
[GPU 4] waiting for GPU 4 to be idle...
[GPU 4] GPU 4 is idle, starting queue at 00:22:28
[GPU 4] start layer_norm iter 1/2 at 00:22:28
Using GPUs: [4] (1 workers)
Kernels: ['layer_norm']
Output root: /home/jongsokchoi/helion_2/.helion_aot
[00:22:28] [GPU 4] start layer_norm -> /home/jongsokchoi/helion_2/.helion_aot/logs/layer_norm.log
[01:38:36] [GPU 4] OK layer_norm in 4568s

All jobs finished in 4568s
Results: 1 OK, 0 FAIL
      layer_norm (GPU 4): OK in 4568s

Merging outputs...
[GPU 4] start layer_norm iter 2/2 at 01:38:36
Using GPUs: [4] (1 workers)
Kernels: ['layer_norm']
Output root: /home/jongsokchoi/helion_2/.helion_aot
[01:38:36] [GPU 4] start layer_norm -> /home/jongsokchoi/helion_2/.helion_aot/logs/layer_norm.log
[03:03:04] [GPU 4] OK layer_norm in 5068s

All jobs finished in 5068s
Results: 1 OK, 0 FAIL
      layer_norm (GPU 4): OK in 5068s

Merging outputs...
[GPU 4] start fp8_gemm iter 1/3 at 03:03:04
Using GPUs: [4] (1 workers)
Kernels: ['fp8_gemm']
Output root: /home/jongsokchoi/helion_2/.helion_aot
[03:03:04] [GPU 4] start fp8_gemm -> /home/jongsokchoi/helion_2/.helion_aot/logs/fp8_gemm.log
[14:17:51] [GPU 4] FAIL(-9) fp8_gemm in 40486s

All jobs finished in 40486s
Results: 0 OK, 1 FAIL
        fp8_gemm (GPU 4): FAIL(-9) in 40486s

Merging outputs...
[GPU 4] fp8_gemm iter 1 FAILED
[GPU 4] start fp8_gemm iter 2/3 at 14:17:51
Using GPUs: [4] (1 workers)
Kernels: ['fp8_gemm']
Output root: /home/jongsokchoi/helion_2/.helion_aot
[14:17:51] [GPU 4] start fp8_gemm -> /home/jongsokchoi/helion_2/.helion_aot/logs/fp8_gemm.log
[14:18:19] [GPU 4] FAIL(-9) fp8_gemm in 28s

All jobs finished in 28s
Results: 0 OK, 1 FAIL
        fp8_gemm (GPU 4): FAIL(-9) in 28s

Merging outputs...
