[GPU 6] queue: attention:2
[GPU 6] waiting for GPU 6 to be idle...
[GPU 6] GPU 6 is idle, starting queue at 00:18:55
[GPU 6] start attention iter 1/2 at 00:18:55
Using GPUs: [6] (1 workers)
Kernels: ['attention']
Output root: /home/jongsokchoi/helion_2/.helion_aot
[00:18:55] [GPU 6] start attention -> /home/jongsokchoi/helion_2/.helion_aot/logs/attention.log
[06:00:50] [GPU 6] OK attention in 20515s

All jobs finished in 20515s
Results: 1 OK, 0 FAIL
       attention (GPU 6): OK in 20515s

Merging outputs...
[GPU 6] start attention iter 2/2 at 06:00:50
Using GPUs: [6] (1 workers)
Kernels: ['attention']
Output root: /home/jongsokchoi/helion_2/.helion_aot
[06:00:50] [GPU 6] start attention -> /home/jongsokchoi/helion_2/.helion_aot/logs/attention.log
[09:41:53] [GPU 6] OK attention in 13263s

All jobs finished in 13263s
Results: 1 OK, 0 FAIL
       attention (GPU 6): OK in 13263s

Merging outputs...
[GPU 6] queue done at 09:41:53
