2026-05-01 00:16:27,591 - INFO - Starting new run: 20260501_001627_480aaf
2026-05-01 00:16:27,685 - INFO - Logging to: /home/jongsokchoi/helion_2/.helion_aot/job_vector_add/20260501_001627_480aaf/logs/runner_cuda_NVIDIA_B200_13.0.log
2026-05-01 00:16:27,686 - INFO - Starting AOT autotuning workflow
2026-05-01 00:16:27,686 - INFO - Run ID: 20260501_001627_480aaf
2026-05-01 00:16:27,686 - INFO - Run directory: /home/jongsokchoi/helion_2/.helion_aot/job_vector_add/20260501_001627_480aaf
2026-05-01 00:16:27,686 - INFO - Hardware ID: cuda_NVIDIA_B200_13.0
2026-05-01 00:16:27,686 - INFO - Performance goal: max_slowdown <= 1.1
2026-05-01 00:16:27,686 - INFO - ============================================================
2026-05-01 00:16:27,686 - INFO - PHASE 1: Collecting tuned configs
2026-05-01 00:16:27,686 - INFO - ============================================================
2026-05-01 00:16:27,686 - INFO - Running collect phase: /home/jongsokchoi/.conda/envs/helion/bin/python /home/jongsokchoi/helion_2/examples/aot_pretune/tutorial_kernels.py --kernel vector_add
2026-05-01 00:16:27,686 - INFO - Environment overrides: {'HELION_AOT_MODE': 'collect', 'HELION_AOT_DATA_DIR': '/home/jongsokchoi/helion_2/.helion_aot/job_vector_add/20260501_001627_480aaf', 'HELION_AUTOTUNE_CACHE': 'AOTAutotuneCache'}
AOT mode: collect
=== vector_add ===
[AOT] Mode: collect, Data dir: /home/jongsokchoi/helion_2/.helion_aot/job_vector_add/20260501_001627_480aaf, Hardware: cuda_NVIDIA_B200_13.0
[AOT collect_fn] Starting autotuning for vector_add
[AOT collect_fn] Tuning shape 1...
[0s] Starting autotuning process, this may take a while...
[0s] Autotune random seed: 3798298524
[0s] Starting LFBOTreeSearch with initial_population=FROM_RANDOM, copies=5, max_generations=20, similarity_penalty=1.0
Initial population precompiling 100% ━━━━━━━━━━━━━━━━━━━━ 100/100 78.1 configs/s
Initial population exploring neighbors 100% ━━━━━━━━━━━━━ 100/100 10.4 configs/s
[12s] Adaptive compile timeout: 30s (90% percentile=1.8s, bounds=[30.0s, 60s])
Verifying initial results 100% ━━━━━━━━━━━━━━━━━━━━━━━ 1000/1000 262.9 configs/s
[17s] Initial random population of 100, 5 starting points: 
ok=100
min=0.0061
mid=0.0062
max=0.0328
best={'atomic_indexing': [],
 'block_sizes': [32],
 'indexing': ['pointer', 'pointer', 'pointer'],
 'load_eviction_policies': ['', ''],
 'num_stages': 1,
 'num_warps': 4,
 'pid_type': 'flat',
 'range_flattens': [None],
 'range_multi_buffers': [None],
 'range_num_stages': [0],
 'range_unroll_factors': [0],
 'range_warp_specializes': [None]}
[17s] Fitting surrogate: 100 points, 100 targets
[17s] Generation 1 starting: 46 neighbors, 5 active search path(s)
Generation 1: precompiling 100% ━━━━━━━━━━━━━━━━━━━━━━━━━━━━━━ 48/48 - configs/s
Generation 1: exploring neighbors 100% ━━━━━━━━━━━━━━━━━━━━━ 48/48 9.8 configs/s
Generation 1: verifying top configs 100% ━━━━━━━━━━━━━━ 1000/1000 227.1         
                                                                  configs/s     
[29s] Generation 1 complete: 
ok=51
min=0.0061
mid=0.0062
max=0.0102
best={'atomic_indexing': [],
 'block_sizes': [64],
 'indexing': ['pointer', 'pointer', 'pointer'],
 'load_eviction_policies': ['', ''],
 'num_sm_multiplier': 1,
 'num_stages': 1,
 'num_warps': 16,
 'pid_type': 'persistent_interleaved',
 'range_flattens': [None],
 'range_multi_buffers': [False],
 'range_num_stages': [0],
 'range_unroll_factors': [0],
 'range_warp_specializes': [None]}
[29s] Fitting surrogate: 148 points, 148 targets
[29s] Generation 2 starting: 47 neighbors, 5 active search path(s)
Generation 2: precompiling 100% ━━━━━━━━━━━━━━━━━━━━━━━━━━━━━━ 49/49 - configs/s
Generation 2: exploring neighbors 100% ━━━━━━━━━━━━━━━━━━━━ 49/49 13.9 configs/s
Generation 2: verifying top configs 100% ━━━━━━━━━━━━━━ 1000/1000 407.8         
                                                                  configs/s     
[38s] Generation 2 complete: 
ok=53
min=0.0061
mid=0.0061
max=0.0101
best={'atomic_indexing': [],
 'block_sizes': [64],
 'indexing': ['pointer', 'pointer', 'pointer'],
 'load_eviction_policies': ['', ''],
 'num_sm_multiplier': 1,
 'num_stages': 1,
 'num_warps': 16,
 'pid_type': 'persistent_interleaved',
 'range_flattens': [None],
 'range_multi_buffers': [False],
 'range_num_stages': [0],
 'range_unroll_factors': [0],
 'range_warp_specializes': [None]}
[38s] Fitting surrogate: 197 points, 197 targets
[39s] Copy 4 finish because of no improvement
[39s] Generation 3 starting: 69 neighbors, 4 active search path(s)
Generation 3: precompiling 100% ━━━━━━━━━━━━━━━━━━━━━━━━━━━ 70/70 51.7 configs/s
Generation 3: exploring neighbors 100% ━━━━━━━━━━━━━━━━━━━━ 70/70 15.6 configs/s
Generation 3: verifying top configs 100% ━━━━━━━━━━━━━━ 1000/1000 287.0         
                                                                  configs/s     
[50s] Generation 3 complete: 
ok=74
min=0.0061
mid=0.0062
max=0.0062
best={'atomic_indexing': [],
 'block_sizes': [64],
 'indexing': ['pointer', 'tensor_descriptor', 'tensor_descriptor'],
 'load_eviction_policies': ['', ''],
 'num_stages': 1,
 'num_warps': 8,
 'pid_type': 'flat',
 'range_flattens': [None],
 'range_multi_buffers': [None],
 'range_num_stages': [0],
 'range_unroll_factors': [0],
 'range_warp_specializes': [None]}
[50s] Fitting surrogate: 267 points, 267 targets
[50s] Copy 0 finish because of no improvement
[50s] Copy 3 finish because of no improvement
[50s] Generation 4 starting: 27 neighbors, 2 active search path(s)
Generation 4: precompiling 100% ━━━━━━━━━━━━━━━━━━━━━━━━━━━━━━ 28/28 - configs/s
Generation 4: exploring neighbors 100% ━━━━━━━━━━━━━━━━━━━━━ 28/28 8.9 configs/s
Generation 4: verifying top configs 100% ━━━━━━━━━━━━━━ 1000/1000 384.2         
                                                                  configs/s     
[57s] Generation 4 complete: 
ok=30
min=0.0061
mid=0.0062
max=0.0082
best={'atomic_indexing': [],
 'block_sizes': [512],
 'indexing': ['tensor_descriptor', 'pointer', 'pointer'],
 'load_eviction_policies': ['', ''],
 'num_stages': 2,
 'num_warps': 2,
 'pid_type': 'flat',
 'range_flattens': [None],
 'range_multi_buffers': [None],
 'range_num_stages': [0],
 'range_unroll_factors': [0],
 'range_warp_specializes': [None]}
[57s] Fitting surrogate: 295 points, 295 targets
[58s] Copy 1 finish because of no improvement
[58s] Copy 2 finish because of no improvement
[58s] Autotuning stop at generation 5 because of no active search path
[58s] Autotuning complete in 58.2s after searching 295 configs.
One can hardcode the best config and skip autotuning with:
    @helion.kernel(config=helion.Config(atomic_indexing=[], block_sizes=[512], indexing=['tensor_descriptor', 'pointer', 'pointer'], load_eviction_policies=['', ''], num_stages=2, num_warps=2, pid_type='flat', range_flattens=[None], range_multi_buffers=[None], range_num_stages=[0], range_unroll_factors=[0], range_warp_specializes=[None]), static_shapes=False)

[58s] Code of selected kernel: /tmp/torchinductor_jongsokchoi/wf/cwf6bsksicdgme755vhouw5325v535kme6lhgzc7rdu4qhxqmssb.py
[AOT collect] Saved config for kernel=vector_add shape_hash=84f76f16 hashes=[['db29212c', '586692ee'], ['db29212c', '586692ee'], ['0f80b4c9']] to /home/jongsokchoi/helion_2/.helion_aot/job_vector_add/20260501_001627_480aaf/tuned_configs_cuda_NVIDIA_B200_13.0.json
[AOT collect_fn] Tuning shape 2...
[0s] Starting autotuning process, this may take a while...
[0s] Autotune random seed: 3798298524
[0s] Starting LFBOTreeSearch with initial_population=FROM_RANDOM, copies=5, max_generations=20, similarity_penalty=1.0
Initial population precompiling 100% ━━━━━━━━━━━━━━━━━━━━ 100/100 53.1 configs/s
Initial population exploring neighbors 100% ━━━━━━━━━━━━━ 100/100 14.6 configs/s
[10s] Adaptive compile timeout: 30s (90% percentile=2.4s, bounds=[30.0s, 30s])
Verifying initial results 100% ━━━━━━━━━━━━━━━━━━━━━━━ 1000/1000 149.9 configs/s
[17s] Initial random population of 100, 5 starting points: 
ok=100
min=0.0061
mid=0.0062
max=0.0225
best={'atomic_indexing': [],
 'block_sizes': [32],
 'indexing': ['pointer', 'pointer', 'pointer'],
 'load_eviction_policies': ['', ''],
 'num_stages': 1,
 'num_warps': 4,
 'pid_type': 'flat',
 'range_flattens': [None],
 'range_multi_buffers': [None],
 'range_num_stages': [0],
 'range_unroll_factors': [0],
 'range_warp_specializes': [None]}
[17s] Fitting surrogate: 100 points, 100 targets
[18s] Generation 1 starting: 34 neighbors, 5 active search path(s)
Generation 1: precompiling 100% ━━━━━━━━━━━━━━━━━━━━━━━━━━━━━━ 35/35 - configs/s
Generation 1: exploring neighbors 100% ━━━━━━━━━━━━━━━━━━━━ 35/35 15.3 configs/s
Generation 1: verifying top configs 100% ━━━━━━━━━━━━━━ 1000/1000 530.6         
                                                                  configs/s     
[24s] Generation 1 complete: 
ok=40
min=0.0061
mid=0.0061
max=0.0062
best={'atomic_indexing': [],
 'block_sizes': [32],
 'indexing': ['pointer', 'pointer', 'pointer'],
 'load_eviction_policies': ['', ''],
 'num_stages': 1,
 'num_warps': 4,
 'pid_type': 'flat',
 'range_flattens': [None],
 'range_multi_buffers': [None],
 'range_num_stages': [0],
 'range_unroll_factors': [0],
 'range_warp_specializes': [None]}
[24s] Fitting surrogate: 135 points, 135 targets
[25s] Generation 2 starting: 32 neighbors, 5 active search path(s)
Generation 2: precompiling 100% ━━━━━━━━━━━━━━━━━━━━━━━━━━━ 34/34 35.9 configs/s
Generation 2: exploring neighbors 100% ━━━━━━━━━━━━━━━━━━━━━ 34/34 9.0 configs/s
