2026-05-01 22:09:32,768 - INFO - __main__ - Logging to: /home/jongsokchoi/helion_2/.helion_aot/job_fp8_gemm/20260501_220932_cb0d7e/logs/runner_cuda_NVIDIA_B200_13.0.log
2026-05-01 22:09:32,768 - INFO - __main__ - Starting AOT autotuning workflow
2026-05-01 22:09:32,768 - INFO - __main__ - Run ID: 20260501_220932_cb0d7e
2026-05-01 22:09:32,768 - INFO - __main__ - Run directory: /home/jongsokchoi/helion_2/.helion_aot/job_fp8_gemm/20260501_220932_cb0d7e
2026-05-01 22:09:32,768 - INFO - __main__ - Hardware ID: cuda_NVIDIA_B200_13.0
2026-05-01 22:09:32,768 - INFO - __main__ - Performance goal: max_slowdown <= 1.1
2026-05-01 22:09:32,768 - INFO - __main__ - ============================================================
2026-05-01 22:09:32,768 - INFO - __main__ - PHASE 1: Collecting tuned configs
2026-05-01 22:09:32,768 - INFO - __main__ - ============================================================
2026-05-01 22:09:32,768 - INFO - __main__ - Running collect phase: /home/jongsokchoi/.conda/envs/helion/bin/python /home/jongsokchoi/helion_2/examples/aot_pretune/tutorial_kernels.py --kernel fp8_gemm
2026-05-01 22:09:32,768 - INFO - __main__ - Environment overrides: {'HELION_AOT_MODE': 'collect', 'HELION_AOT_DATA_DIR': '/home/jongsokchoi/helion_2/.helion_aot/job_fp8_gemm/20260501_220932_cb0d7e', 'HELION_AUTOTUNE_CACHE': 'AOTAutotuneCache'}
2026-05-02 02:11:01,881 - INFO - __main__ - Collected 31 configs for 1 kernels
2026-05-02 02:11:01,881 - INFO - __main__ - ============================================================
2026-05-02 02:11:01,881 - INFO - __main__ - PHASE 2: Measuring configs across shapes
2026-05-02 02:11:01,881 - INFO - __main__ - ============================================================
2026-05-02 02:11:01,881 - INFO - __main__ - Running measure phase: /home/jongsokchoi/.conda/envs/helion/bin/python /home/jongsokchoi/helion_2/examples/aot_pretune/tutorial_kernels.py --kernel fp8_gemm
2026-05-02 02:11:01,881 - INFO - __main__ - Environment overrides: {'HELION_AOT_MODE': 'measure', 'HELION_AOT_DATA_DIR': '/home/jongsokchoi/helion_2/.helion_aot/job_fp8_gemm/20260501_220932_cb0d7e', 'HELION_AUTOTUNE_CACHE': 'AOTAutotuneCache'}
2026-05-02 02:19:58,793 - INFO - __main__ - Recorded 1862 measurements
2026-05-02 02:19:58,793 - INFO - __main__ - ============================================================
2026-05-02 02:19:58,793 - INFO - __main__ - PHASE 3: Building heuristics
2026-05-02 02:19:58,794 - INFO - __main__ - ============================================================
2026-05-02 02:19:58,817 - INFO - helion.autotuner.heuristic_generator - Generating heuristic for kernel: fp8_gemm
2026-05-02 02:19:58,817 - INFO - helion.autotuner.heuristic_generator - Generating heuristic for kernel: fp8_gemm
2026-05-02 02:19:58,819 - INFO - helion.autotuner.heuristic_generator -   Selected 6 configs with max_slowdown=1.07x, geomean_slowdown=1.01x
2026-05-02 02:19:58,819 - INFO - helion.autotuner.heuristic_generator -   Selected 6 configs with max_slowdown=1.07x, geomean_slowdown=1.01x
2026-05-02 02:19:58,825 - INFO - helion.autotuner.heuristic_generator -   Model accuracy: 100.00%
2026-05-02 02:19:58,825 - INFO - helion.autotuner.heuristic_generator -   Model accuracy: 100.00%
2026-05-02 02:19:58,825 - INFO - helion.autotuner.heuristic_generator -   Saved heuristic to /home/jongsokchoi/helion_2/.helion_aot/job_fp8_gemm/20260501_220932_cb0d7e/heuristic_fp8_gemm.py
2026-05-02 02:19:58,825 - INFO - helion.autotuner.heuristic_generator -   Saved heuristic to /home/jongsokchoi/helion_2/.helion_aot/job_fp8_gemm/20260501_220932_cb0d7e/heuristic_fp8_gemm.py
2026-05-02 02:19:58,825 - INFO - helion.autotuner.heuristic_generator -   Saved combined heuristic for 1 kernel(s) to: /home/jongsokchoi/helion_2/examples/aot_pretune/_helion_aot_tutorial_kernels_cuda_sm100.py
2026-05-02 02:19:58,825 - INFO - helion.autotuner.heuristic_generator -   Saved combined heuristic for 1 kernel(s) to: /home/jongsokchoi/helion_2/examples/aot_pretune/_helion_aot_tutorial_kernels_cuda_sm100.py
2026-05-02 02:19:58,825 - INFO - __main__ - Saved heuristic summary to /home/jongsokchoi/helion_2/.helion_aot/job_fp8_gemm/20260501_220932_cb0d7e/heuristic_summary_cuda_NVIDIA_B200_13.0.json
2026-05-02 02:19:58,825 - INFO - __main__ - ============================================================
2026-05-02 02:19:58,825 - INFO - __main__ - PHASE 4: Evaluating heuristics
2026-05-02 02:19:58,825 - INFO - __main__ - ============================================================
2026-05-02 02:19:58,848 - INFO - __main__ - Running evaluate phase: /home/jongsokchoi/.conda/envs/helion/bin/python /home/jongsokchoi/helion_2/examples/aot_pretune/tutorial_kernels.py --kernel fp8_gemm
2026-05-02 02:19:58,848 - INFO - __main__ - Environment overrides: {'HELION_AOT_MODE': 'evaluate', 'HELION_AOT_DATA_DIR': '/home/jongsokchoi/helion_2/.helion_aot/job_fp8_gemm/20260501_220932_cb0d7e', 'HELION_AUTOTUNE_CACHE': 'AOTAutotuneCache'}
2026-05-02 02:20:12,195 - INFO - __main__ - Saved evaluation results to /home/jongsokchoi/helion_2/.helion_aot/job_fp8_gemm/20260501_220932_cb0d7e/evaluation_cuda_NVIDIA_B200_13.0.json
2026-05-02 02:20:12,195 - INFO - __main__ - ============================================================
2026-05-02 02:20:12,195 - INFO - __main__ - AOT autotuning workflow completed successfully!
2026-05-02 02:20:12,195 - INFO - __main__ - ============================================================
2026-05-02 02:20:12,195 - INFO - __main__ - To emit standalone Triton files (no helion deps), re-run with --standalone
2026-05-02 02:20:12,195 - INFO - __main__ - Run directory: /home/jongsokchoi/helion_2/.helion_aot/job_fp8_gemm/20260501_220932_cb0d7e
